Γû▓ Next.js 16.1.0 (Turbopack)
- Environments: .env.local

  Creating an optimized production build ...
node.exe : 
At C:\Program Files\no
dejs\npx.ps1:29 char:3
+   & $NODE_EXE 
$NPX_CLI_JS $args
+   ~~~~~~~~~~~~~~~~~~
~~~~~~~~~~~
    + CategoryInfo    
          : NotSpeci  
  fied: (:String) [   
 ], RemoteExceptio    
n
    + FullyQualifiedE 
   rrorId : NativeCo  
  mmandError
 
> Build error occurred
Error: Turbopack 
build failed with 4 
errors:
./src/components/study
/StudyMaterialViewer.t
sx:13:1
Export default 
doesn't exist in 
target module
[0m [90m 11 |[39m 
} [36mfrom[39m [32m
"lucide-react"[39m[3
3m;[39m
 [90m 12 |[39m 
[36mimport[39m { cn 
} [36mfrom[39m [32m
"@/lib/utils"[39m[33
m;[39m
[31m[1m>[22m[39m[
90m 13 |[39m 
[36mimport[39m [33m
MarkdownText[39m 
[36mfrom[39m [32m"@
/components/MarkdownTe
xt"[39m[33m;[39m
 [90m    |[39m [31m
[1m^[22m[39m[31m[
1m^[22m[39m[31m[1m
^[22m[39m[31m[1m^
[22m[39m[31m[1m^[2
2m[39m[31m[1m^[22m
[39m[31m[1m^[22m[
39m[31m[1m^[22m[39
m[31m[1m^[22m[39m
[31m[1m^[22m[39m[3
1m[1m^[22m[39m[31m
[1m^[22m[39m[31m[
1m^[22m[39m[31m[1m
^[22m[39m[31m[1m^
[22m[39m[31m[1m^[2
2m[39m[31m[1m^[22m
[39m[31m[1m^[22m[
39m[31m[1m^[22m[39
m[31m[1m^[22m[39m
[31m[1m^[22m[39m[3
1m[1m^[22m[39m[31m
[1m^[22m[39m[31m[
1m^[22m[39m[31m[1m
^[22m[39m[31m[1m^
[22m[39m[31m[1m^[2
2m[39m[31m[1m^[22m
[39m[31m[1m^[22m[
39m[31m[1m^[22m[39
m[31m[1m^[22m[39m
[31m[1m^[22m[39m[3
1m[1m^[22m[39m[31m
[1m^[22m[39m[31m[
1m^[22m[39m[31m[1m
^[22m[39m[31m[1m^
[22m[39m[31m[1m^[2
2m[39m[31m[1m^[22m
[39m[31m[1m^[22m[
39m[31m[1m^[22m[39
m[31m[1m^[22m[39m
[31m[1m^[22m[39m[3
1m[1m^[22m[39m[31m
[1m^[22m[39m[31m[
1m^[22m[39m[31m[1m
^[22m[39m[31m[1m^
[22m[39m[31m[1m^[2
2m[39m[31m[1m^[22m
[39m[31m[1m^[22m[
39m[31m[1m^[22m[39
m[31m[1m^[22m[39m
 [90m 14 |[39m 
[36mimport[39m type 
{ [33mTables[39m } 
[36mfrom[39m [32m"@
/integrations/supabase
/types"[39m[33m;[39
m
 [90m 15 |[39m
 [90m 16 |[39m type 
[33mStudyMaterial[39
m [33m=[39m [33mTab
les[39m[33m<[39m[3
2m'study_materials'[3
9m[33m>[39m[33m;[3
9m[0m

The export default 
was not found in 
module [project]/src/c
omponents/MarkdownText
.tsx [app-client] 
(ecmascript).
Did you mean to 
import MarkdownText?
All exports of the 
module are statically 
known (It doesn't 
have dynamic 
exports). So it's 
known statically that 
the requested export 
doesn't exist.

Import traces:
  Client Component 
Browser:
    ./src/components/s
tudy/StudyMaterialView
er.tsx [Client 
Component Browser]
    ./src/app/(main)/m
y-study/[slug]/page.ts
x [Client Component 
Browser]
    ./src/app/(main)/m
y-study/[slug]/page.ts
x [Server Component]

  Client Component 
SSR:
    ./src/components/s
tudy/StudyMaterialView
er.tsx [Client 
Component SSR]
    ./src/app/(main)/m
y-study/[slug]/page.ts
x [Client Component 
SSR]
    ./src/app/(main)/m
y-study/[slug]/page.ts
x [Server Component]


./src/components/study
/StudyMaterialViewer.t
sx:13:1
Export default 
doesn't exist in 
target module
[0m [90m 11 |[39m 
} [36mfrom[39m [32m
"lucide-react"[39m[3
3m;[39m
 [90m 12 |[39m 
[36mimport[39m { cn 
} [36mfrom[39m [32m
"@/lib/utils"[39m[33
m;[39m
[31m[1m>[22m[39m[
90m 13 |[39m 
[36mimport[39m [33m
MarkdownText[39m 
[36mfrom[39m [32m"@
/components/MarkdownTe
xt"[39m[33m;[39m
 [90m    |[39m [31m
[1m^[22m[39m[31m[
1m^[22m[39m[31m[1m
^[22m[39m[31m[1m^
[22m[39m[31m[1m^[2
2m[39m[31m[1m^[22m
[39m[31m[1m^[22m[
39m[31m[1m^[22m[39
m[31m[1m^[22m[39m
[31m[1m^[22m[39m[3
1m[1m^[22m[39m[31m
[1m^[22m[39m[31m[
1m^[22m[39m[31m[1m
^[22m[39m[31m[1m^
[22m[39m[31m[1m^[2
2m[39m[31m[1m^[22m
[39m[31m[1m^[22m[
39m[31m[1m^[22m[39
m[31m[1m^[22m[39m
[31m[1m^[22m[39m[3
1m[1m^[22m[39m[31m
[1m^[22m[39m[31m[
1m^[22m[39m[31m[1m
^[22m[39m[31m[1m^
[22m[39m[31m[1m^[2
2m[39m[31m[1m^[22m
[39m[31m[1m^[22m[
39m[31m[1m^[22m[39
m[31m[1m^[22m[39m
[31m[1m^[22m[39m[3
1m[1m^[22m[39m[31m
[1m^[22m[39m[31m[
1m^[22m[39m[31m[1m
^[22m[39m[31m[1m^
[22m[39m[31m[1m^[2
2m[39m[31m[1m^[22m
[39m[31m[1m^[22m[
39m[31m[1m^[22m[39
m[31m[1m^[22m[39m
[31m[1m^[22m[39m[3
1m[1m^[22m[39m[31m
[1m^[22m[39m[31m[
1m^[22m[39m[31m[1m
^[22m[39m[31m[1m^
[22m[39m[31m[1m^[2
2m[39m[31m[1m^[22m
[39m[31m[1m^[22m[
39m[31m[1m^[22m[39
m[31m[1m^[22m[39m
 [90m 14 |[39m 
[36mimport[39m type 
{ [33mTables[39m } 
[36mfrom[39m [32m"@
/integrations/supabase
/types"[39m[33m;[39
m
 [90m 15 |[39m
 [90m 16 |[39m type 
[33mStudyMaterial[39
m [33m=[39m [33mTab
les[39m[33m<[39m[3
2m'study_materials'[3
9m[33m>[39m[33m;[3
9m[0m

The export default 
was not found in 
module [project]/src/c
omponents/MarkdownText
.tsx [app-ssr] 
(ecmascript).
Did you mean to 
import MarkdownText?
All exports of the 
module are statically 
known (It doesn't 
have dynamic 
exports). So it's 
known statically that 
the requested export 
doesn't exist.

Import traces:
  Client Component 
Browser:
    ./src/components/s
tudy/StudyMaterialView
er.tsx [Client 
Component Browser]
    ./src/app/(main)/m
y-study/[slug]/page.ts
x [Client Component 
Browser]
    ./src/app/(main)/m
y-study/[slug]/page.ts
x [Server Component]

  Client Component 
SSR:
    ./src/components/s
tudy/StudyMaterialView
er.tsx [Client 
Component SSR]
    ./src/app/(main)/m
y-study/[slug]/page.ts
x [Client Component 
SSR]
    ./src/app/(main)/m
y-study/[slug]/page.ts
x [Server Component]


./src/components/study
/StudyPractice.tsx:18:
1
Export default 
doesn't exist in 
target module
[0m [90m 16 |[39m 
[36mimport[39m { 
useAuth } 
[36mfrom[39m [32m"@
/contexts/AuthContext"
[39m[33m;[39m
 [90m 17 |[39m 
[36mimport[39m { 
checkIsCorrect } 
[36mfrom[39m [32m"@
/utils/answerValidatio
n"[39m[33m;[39m
[31m[1m>[22m[39m[
90m 18 |[39m 
[36mimport[39m [33m
MarkdownText[39m 
[36mfrom[39m [32m"@
/components/MarkdownTe
xt"[39m[33m;[39m
 [90m    |[39m [31m
[1m^[22m[39m[31m[
1m^[22m[39m[31m[1m
^[22m[39m[31m[1m^
[22m[39m[31m[1m^[2
2m[39m[31m[1m^[22m
[39m[31m[1m^[22m[
39m[31m[1m^[22m[39
m[31m[1m^[22m[39m
[31m[1m^[22m[39m[3
1m[1m^[22m[39m[31m
[1m^[22m[39m[31m[
1m^[22m[39m[31m[1m
^[22m[39m[31m[1m^
[22m[39m[31m[1m^[2
2m[39m[31m[1m^[22m
[39m[31m[1m^[22m[
39m[31m[1m^[22m[39
m[31m[1m^[22m[39m
[31m[1m^[22m[39m[3
1m[1m^[22m[39m[31m
[1m^[22m[39m[31m[
1m^[22m[39m[31m[1m
^[22m[39m[31m[1m^
[22m[39m[31m[1m^[2
2m[39m[31m[1m^[22m
[39m[31m[1m^[22m[
39m[31m[1m^[22m[39
m[31m[1m^[22m[39m
[31m[1m^[22m[39m[3
1m[1m^[22m[39m[31m
[1m^[22m[39m[31m[
1m^[22m[39m[31m[1m
^[22m[39m[31m[1m^
[22m[39m[31m[1m^[2
2m[39m[31m[1m^[22m
[39m[31m[1m^[22m[
39m[31m[1m^[22m[39
m[31m[1m^[22m[39m
[31m[1m^[22m[39m[3
1m[1m^[22m[39m[31m
[1m^[22m[39m[31m[
1m^[22m[39m[31m[1m
^[22m[39m[31m[1m^
[22m[39m[31m[1m^[2
2m[39m[31m[1m^[22m
[39m[31m[1m^[22m[
39m[31m[1m^[22m[39
m[31m[1m^[22m[39m
 [90m 19 |[39m
 [90m 20 |[39m 
[36minterface[39m [
33mStudyPracticeProps
[39m {
 [90m 21 |[39m     
topicName[33m:[39m 
string [33m|[39m [3
6mnull[39m[33m;[39m
[0m

The export default 
was not found in 
module [project]/src/c
omponents/MarkdownText
.tsx [app-client] 
(ecmascript).
Did you mean to 
import MarkdownText?
All exports of the 
module are statically 
known (It doesn't 
have dynamic 
exports). So it's 
known statically that 
the requested export 
doesn't exist.

Import traces:
  Client Component 
Browser:
    ./src/components/s
tudy/StudyPractice.tsx
 [Client Component 
Browser]
    ./src/app/(main)/m
y-study/[slug]/page.ts
x [Client Component 
Browser]
    ./src/app/(main)/m
y-study/[slug]/page.ts
x [Server Component]

  Client Component 
SSR:
    ./src/components/s
tudy/StudyPractice.tsx
 [Client Component 
SSR]
    ./src/app/(main)/m
y-study/[slug]/page.ts
x [Client Component 
SSR]
    ./src/app/(main)/m
y-study/[slug]/page.ts
x [Server Component]


./src/components/study
/StudyPractice.tsx:18:
1
Export default 
doesn't exist in 
target module
[0m [90m 16 |[39m 
[36mimport[39m { 
useAuth } 
[36mfrom[39m [32m"@
/contexts/AuthContext"
[39m[33m;[39m
 [90m 17 |[39m 
[36mimport[39m { 
checkIsCorrect } 
[36mfrom[39m [32m"@
/utils/answerValidatio
n"[39m[33m;[39m
[31m[1m>[22m[39m[
90m 18 |[39m 
[36mimport[39m [33m
MarkdownText[39m 
[36mfrom[39m [32m"@
/components/MarkdownTe
xt"[39m[33m;[39m
 [90m    |[39m [31m
[1m^[22m[39m[31m[
1m^[22m[39m[31m[1m
^[22m[39m[31m[1m^
[22m[39m[31m[1m^[2
2m[39m[31m[1m^[22m
[39m[31m[1m^[22m[
39m[31m[1m^[22m[39
m[31m[1m^[22m[39m
[31m[1m^[22m[39m[3
1m[1m^[22m[39m[31m
[1m^[22m[39m[31m[
1m^[22m[39m[31m[1m
^[22m[39m[31m[1m^
[22m[39m[31m[1m^[2
2m[39m[31m[1m^[22m
[39m[31m[1m^[22m[
39m[31m[1m^[22m[39
m[31m[1m^[22m[39m
[31m[1m^[22m[39m[3
1m[1m^[22m[39m[31m
[1m^[22m[39m[31m[
1m^[22m[39m[31m[1m
^[22m[39m[31m[1m^
[22m[39m[31m[1m^[2
2m[39m[31m[1m^[22m
[39m[31m[1m^[22m[
39m[31m[1m^[22m[39
m[31m[1m^[22m[39m
[31m[1m^[22m[39m[3
1m[1m^[22m[39m[31m
[1m^[22m[39m[31m[
1m^[22m[39m[31m[1m
^[22m[39m[31m[1m^
[22m[39m[31m[1m^[2
2m[39m[31m[1m^[22m
[39m[31m[1m^[22m[
39m[31m[1m^[22m[39
m[31m[1m^[22m[39m
[31m[1m^[22m[39m[3
1m[1m^[22m[39m[31m
[1m^[22m[39m[31m[
1m^[22m[39m[31m[1m
^[22m[39m[31m[1m^
[22m[39m[31m[1m^[2
2m[39m[31m[1m^[22m
[39m[31m[1m^[22m[
39m[31m[1m^[22m[39
m[31m[1m^[22m[39m
 [90m 19 |[39m
 [90m 20 |[39m 
[36minterface[39m [
33mStudyPracticeProps
[39m {
 [90m 21 |[39m     
topicName[33m:[39m 
string [33m|[39m [3
6mnull[39m[33m;[39m
[0m

The export default 
was not found in 
module [project]/src/c
omponents/MarkdownText
.tsx [app-ssr] 
(ecmascript).
Did you mean to 
import MarkdownText?
All exports of the 
module are statically 
known (It doesn't 
have dynamic 
exports). So it's 
known statically that 
the requested export 
doesn't exist.

Import traces:
  Client Component 
Browser:
    ./src/components/s
tudy/StudyPractice.tsx
 [Client Component 
Browser]
    ./src/app/(main)/m
y-study/[slug]/page.ts
x [Client Component 
Browser]
    ./src/app/(main)/m
y-study/[slug]/page.ts
x [Server Component]

  Client Component 
SSR:
    ./src/components/s
tudy/StudyPractice.tsx
 [Client Component 
SSR]
    ./src/app/(main)/m
y-study/[slug]/page.ts
x [Client Component 
SSR]
    ./src/app/(main)/m
y-study/[slug]/page.ts
x [Server Component]


    at <unknown> (./sr
c/components/study/Stu
dyMaterialViewer.tsx:1
3:1)
    at <unknown> (./sr
c/components/study/Stu
dyMaterialViewer.tsx:1
3:1)
    at <unknown> (./sr
c/components/study/Stu
dyPractice.tsx:18:1)
    at <unknown> (./sr
c/components/study/Stu
dyPractice.tsx:18:1)
